[sonaandcophoto.com/index.html]
[backblue.gif]
[fade.gif]
[index.html]
[static.showit.co/200/mPf8tl-JTRqr-055BimI6A/201471/favicon_sona.png]
[static.showit.co/1200/f4_6U_n7NzR_JaYqwODsqw/201471/dsc7121.jpg]
[cdnjs.cloudflare.com/ajax/libs/animate.css/3.4.0/animate.min.css]
[ajax.googleapis.com/ajax/libs/jquery/3.5.1/jquery.min.js]
[lib.showit.co/engine/2.4.3/showit.css]
[static.showit.co/1200/B8gS4HdhFVNUHOqaK7_l4A/201471/dsc2324-2.jpg]
[lib.showit.co/engine/2.4.3/showit-lib.min.js]
[static.showit.co/800/ZxNbUhYo82vQOfoG1PiPNw/201471/33207914-2a77-469e-b6ec-622d54808a8d.jpg]
[lib.showit.co/engine/2.4.3/showit.min.js]
[sonaandcophoto.com/inquire.html]
[sonaandcophoto.com/offerings.a.delayed]
[sonaandcophoto.com/about.html]
[static.showit.co/1200/46aS8cNFu6KK4sOzfWaSRQ/201471/dsc7538.jpg]
[sonaandcophoto.com/investment.html]
[static.showit.co/400/Z5PJt4zS9W837X6mL0n1pA/201471/dsc3962_2.jpg]
[static.showit.co/400/cBI92MA5661WJm4HRpl_Sw/201471/img_0844.jpg]
[static.showit.co/400/A6ASKma8-Ox2KR2IP-0lvw/201471/dsc3119.jpg]
[static.showit.co/400/Q0JJabH64jOd1ULXF_NZqQ/201471/dsc3178.jpg]
[static.showit.co/400/41TL27LCTqyYb2QOpCX5wA/201471/dsc1123.jpg]
[static.showit.co/400/wwP7uXUHR7SMyLBBQYCHDw/201471/dsc0904.jpg]
[static.showit.co/400/Q3O6zovBhM0240q0iQ6dTg/201471/dsc9749.jpg]
[sonaandcophoto.com/gallery.html]
[static.showit.co/400/bui-4N6nUe62NXpLR7jPPQ/201471/dsc6708.jpg]
[static.showit.co/400/f4_6U_n7NzR_JaYqwODsqw/201471/dsc7121.jpg]
[static.showit.co/800/f4_6U_n7NzR_JaYqwODsqw/201471/dsc7121.jpg]
[sonaandcophoto.com/index.html]
[cdnjs.cloudflare.com/ajax/libs/animate.css/3.4.0/animate.min.css]
[lib.showit.co/engine/2.4.3/showit.css]
[static.showit.co/1200/zPpoZT5K2OxeWoR4XUjUfg/201471/dsc6754-4_2.jpg]
[sonaandcophoto.com/inquire.html]
[sonaandcophoto.com/offerings.html]
[static.showit.co/1200/ZxNbUhYo82vQOfoG1PiPNw/201471/33207914-2a77-469e-b6ec-622d54808a8d.jpg]
[static.showit.co/800/Z2LkQDZ9vDvVs555exRV8A/201471/67cd2fed-17d3-4f3a-944f-beb9aac5ba70.jpg]
[static.showit.co/400/RQVX-wtrmZPwdamEHmBdIA/201471/7c08de6f-5d28-4651-bbab-28f496f3b4e0.jpg]
[static.showit.co/400/3er_JZ6XTBWMCXJzLELdAg/shared/img_0987.jpg]
[static.showit.co/400/HRnv5XUNQhmYqJ2-nQdDww/shared/img_6473.jpg]
[static.showit.co/400/p30mlkb_TDW3Sye9PjoYSw/shared/017318c0-bdc8-42e4-a4cf-90e97a47af1e.jpg]
[static.showit.co/400/rT-kllIMSAy66yCmkZSTUg/shared/b7fcadc7-f308-4b80-88c1-12f7e13cb28b.jpg]
[static.showit.co/800/SWGcHsQHQG6nZbwv5j1LtA/shared/img_6549.jpg]
[static.showit.co/400/WHE1Ra7AQ061RmWq_r8hkg/shared/859423df-3b8c-4d42-8181-4c1dd06175e6.jpg]
[sonaandcophoto.com/about.html]
[static.showit.co/1200/FWjt8dok6w46jQxLuWN8-w/201471/dsc6701_2.jpg]
[static.showit.co/400/h3J9AvUHFZeW9lXcEgtF_Q/201471/dsc0649.jpg]
[sonaandcophoto.com/coming-soon.html]
[static.showit.co/800/oO66GdCCZj_kACk9_UAYNQ/201471/img_c13bc7656234-1.jpg]
[static.showit.co/400/U4MW5BJFyjzbHptRz5W4_g/201471/dsc0948_2.jpg]
[static.showit.co/400/zZSljKAF9oZPyKbRAaOtvw/201471/dsc5386-2_2.jpg]
[static.showit.co/400/adRIYmQ8z0DsXkBuQHpKVw/201471/dsc6982-2_2.jpg]
[static.showit.co/800/yk94x1HE0PBbEU52bOV5uA/201471/dsc4862_2.jpg]
[sonaandcophoto.com/investment.html]
[lib.showit.co/widgets/tiled-gallery/1.0.6/si-tiled-gallery.js]
[static.showit.co/800/7cymWrnoUfhWlFBFXMS31g/201471/dsc4436.jpg]
[static.showit.co/400/6Nbcd4NTIPjQQUBQ8dEQ-Q/201471/dsc7408.jpg]
[static.showit.co/400/0_Jkx3RwBPedcKuJQ_KXyQ/201471/dsc2324.jpg]
[static.showit.co/400/fewHSkEtC9l_I6AcHxjUXA/201471/dsc4862_2.jpg]
[static.showit.co/400/JPqFNPptlafE0GJ4E7qczQ/201471/dsc5760.jpg]
[static.showit.co/400/hbTIyolj785Gkovqwna05w/201471/dsc0948_2.jpg]
[static.showit.co/400/ql7tSJgB8-imHKy5hKfY-A/201471/dsc7121_2.jpg]
[static.showit.co/400/r1dKmNjnLm5eVQtXPNJA4w/201471/dsc7085.jpg]
[static.showit.co/1200/-xrlg2IuLr4WwI-H2Al9_g/201471/img_c13bc7656234-1.jpg]
[static.showit.co/1200/j69x5XiQl4lQptafnfzKVg/201471/dsc6708_2.jpg]
[static.showit.co/1200/RsD3MHU78IdeJWLI5_Z3bw/201471/dsc6791.jpg]
[static.showit.co/1200/U52Pdv_-bnz9iicoV9OeOQ/201471/dsc8567.jpg]
[static.showit.co/1200/eP-E6TtImoZRGDKn4W14Fg/201471/dsc7965_2.jpg]
[static.showit.co/1200/Z13Wt1lGeyJr__DQIrhnlw/201471/dsc7498.jpg]
[static.showit.co/1200/DCEWPljxTch3foPwLsMPmQ/201471/dsc8451.jpg]
[static.showit.co/1200/Zt80zyihIshDVdA1VEPXMg/201471/dsc6845.jpg]
[static.showit.co/1200/aFZvCs-Xr0VW_epV4ZnEXQ/201471/dsc6920.jpg]
[static.showit.co/1200/mD7ERsdgH5a8VfxxcwFGsw/201471/dsc7310.jpg]
[static.showit.co/1200/y2mb1jA5o-TrB3uYoV4c-g/201471/dsc9007.jpg]
[static.showit.co/1200/s3DhJc-ftIVq-7BEbQaYXA/201471/dsc8076.jpg]
[static.showit.co/1200/1A3W5PSai7RfYuEow-HLkQ/201471/dsc8324.jpg]
[static.showit.co/1200/rM3qjGfCgp7-HLVFA79hIA/201471/dsc7597_2.jpg]
[static.showit.co/1200/Xc9i84esiiu3TBOPY1Ggcg/201471/dsc6701_2.jpg]
[static.showit.co/1200/r1dKmNjnLm5eVQtXPNJA4w/201471/dsc7085.jpg]
[static.showit.co/1200/xslf_jraqGwvmH-x7S7wPw/201471/dsc8941_2.jpg]
[static.showit.co/1200/XJYA2MUphlObDw4_w-6LmQ/201471/dsc7248-2.jpg]
[static.showit.co/1200/2NEN1Sa_wXSlq5hn61rCEA/201471/dsc6715_2.jpg]
[static.showit.co/1200/ql7tSJgB8-imHKy5hKfY-A/201471/dsc7121_2.jpg]
[static.showit.co/1200/3VdP8zxipZfRtuxO3SNyog/201471/ecola_state_park_oregon_jpg.jpg]
[static.showit.co/1200/NCm9rW0qPTOBo0H7MqzFWQ/201471/dsc6983_2.jpg]
[static.showit.co/1200/LLT6Y2-6PTpLGGhW7qoOgg/201471/ecola_state_park_oregon.jpg]
[static.showit.co/1200/t2z8f94znzh2bF6cJy-6Lg/201471/dsc6137_2.jpg]
[static.showit.co/1200/0bPOkp8qodaAIn0O5wwcQQ/201471/dsc7749_2.jpg]
[static.showit.co/1200/hPrDiI99YtPabwMHp6X_UA/201471/ecola_state_park_oregon_2.jpg]
[static.showit.co/1200/IUDTikI5iAvLa-gDWNHvzw/201471/dsc7017_2.jpg]
[static.showit.co/1200/nEgTBsASoOJL4SudbUAQXQ/201471/dsc6574_2.jpg]
[static.showit.co/1200/vDVq3_IYvFYdCmp7k8C9fQ/201471/dsc6904_2.jpg]
[static.showit.co/1200/0TCdixpfFz8nhHSHm4Dn8g/201471/dsc5984_2.jpg]
[static.showit.co/1200/hbTIyolj785Gkovqwna05w/201471/dsc0948_2.jpg]
[static.showit.co/1200/PpHq5e9JrDElE4o7kwbNMg/201471/dsc0219_2.jpg]
[static.showit.co/1200/cGrBXgZ8ZcAKMW40uY8k7w/201471/dsc0414_2.jpg]
[static.showit.co/1200/5uUWuzTweiQu2Q2Cx_gk_w/201471/dsc0997_2.jpg]
[static.showit.co/1200/g6vE302t6Sy2gntTlF0WnQ/201471/dsc0864_2.jpg]
[static.showit.co/1200/qaMEh9eZBlU8NaMSRmkTIA/201471/dsc0562_2.jpg]
[static.showit.co/1200/GeX9gz9fBdZwggX-3hYibw/201471/dsc0502_2.jpg]
[static.showit.co/1200/kcZ43oJpT8tgRq4nqeRAKQ/201471/dsc0699_2.jpg]
[static.showit.co/1200/b4pzjPYJkJ6Uk99NbkCyXQ/201471/dsc1112.jpg]
[static.showit.co/1200/JPqFNPptlafE0GJ4E7qczQ/201471/dsc5760.jpg]
[static.showit.co/1200/dU3aihObkpiURy9EN4wzig/201471/dsc5931.jpg]
[static.showit.co/1200/f6V0Dl6PYiSU8qxPFAHMyw/201471/dsc5699.jpg]
[static.showit.co/1200/5SONcBfZNMFuPxXdk2zo5w/201471/dsc5229.jpg]
[static.showit.co/1200/_CnIMz6bRC7f_uTWBuq_kA/201471/dsc5170.jpg]
[static.showit.co/1200/G1Jz83xaeo3CCdDcklT-RQ/201471/dsc4911.jpg]
[static.showit.co/1200/dX3pxkMEZ5QyRy8610O_Zg/201471/dsc6222.jpg]
[static.showit.co/1200/1oceoh3_uh2FwnbjGiRpvw/201471/dsc6317.jpg]
[static.showit.co/1200/ENAWRbO9ZPKIkQ3r9tFMbg/201471/dsc6252.jpg]
[static.showit.co/1200/fnIp3n8eLbMeqHuUk2cPIw/201471/dsc6268.jpg]
[static.showit.co/1200/Ga4LRxF_TSJeUy3uq2rnlg/201471/dsc6100.jpg]
[static.showit.co/1200/AjFyApB49NFK51LoatiMWg/201471/dsc6046.jpg]
[static.showit.co/1200/vqes5ZWUgyy0jLOKSar9eg/201471/dsc5859.jpg]
[static.showit.co/1200/yONkMeISCBKlsstBLSzm3w/201471/dsc5223.jpg]
[static.showit.co/1200/5ToTtScl13vbdvDUAgN2QQ/201471/dsc5990.jpg]
[static.showit.co/1200/OK0wO9mSEAxfFtsYX84sHQ/201471/dsc5741.jpg]
[static.showit.co/1200/Utb6ue-MhzV0eBjmdPKJXw/201471/dsc4862_3.jpg]
[static.showit.co/1200/t7YREnyueP7fXiEsIQTg5g/201471/dsc4464_2.jpg]
[static.showit.co/1200/jKp8H9o0bpEjuqGZ9HCXjw/201471/dsc4723_2.jpg]
[static.showit.co/1200/Hc24hJiU2T9s8LM9-p5oaw/201471/dsc4932_2.jpg]
[static.showit.co/1200/JVzWgQSQHQcuzT_3AwHP0w/201471/dsc4413-2_2.jpg]
[static.showit.co/1200/pcGaM4KBgnYFkV8YrhiwHw/201471/dsc5010_2.jpg]
[static.showit.co/1200/h2fSqmc_ecgsWsFGFqWpMA/201471/dsc4678_2.jpg]
[static.showit.co/1200/Rql0DXYWt6VzKk0T5MHatA/201471/dsc4604_2.jpg]
[static.showit.co/1200/dWptD9P9ZXoE49IrEbxgKw/201471/dsc4998-2_2.jpg]
[static.showit.co/1200/2bCNSHKLYvwhjachGf-NLg/201471/dsc2324-2.jpg]
[static.showit.co/1200/VjNbKM4-an4v_z1exjjL8Q/201471/dsc2015.jpg]
[static.showit.co/1200/s08MNoCqyaQV5eMZRM0HFw/201471/dsc1905.jpg]
[static.showit.co/1200/Q0JJabH64jOd1ULXF_NZqQ/201471/dsc3178.jpg]
[static.showit.co/1200/lyBeK1rH72yZ15D5DGHA1Q/201471/dsc2806.jpg]
[static.showit.co/1200/IrAYOMUbeW2hbRwn6Mpa0Q/201471/dsc3124.jpg]
[static.showit.co/1200/F1yolV9GnCz1zDmIdGvA2g/201471/dsc2832.jpg]
[static.showit.co/1200/31V0bRZ1H6lI_-PlZQbxxQ/201471/dsc2112.jpg]
[static.showit.co/1200/qHAOEy9W67T3twOcFBU9MQ/201471/dsc2857.jpg]
[static.showit.co/1200/0N_AGA9GvoYSgQ4y_MkFqg/201471/dsc2160.jpg]
[static.showit.co/1200/uweam-csAMacNUTum47SoQ/201471/dsc2579.jpg]
[static.showit.co/1200/izRK4ItZLF3GA2fySy5w8A/201471/dsc2702.jpg]
[static.showit.co/1200/_Vcu9YiVPSBsZYI689WsaQ/201471/dsc2924.jpg]
[static.showit.co/1200/5KWxkDiC2qbz5fIL3xhj4A/201471/dsc2213.jpg]
